---
http_interactions:
- request:
    method: post
    uri: https://api.stripe.com/v1/payment_methods
    body:
      encoding: UTF-8
      string: type=card&card[number]=4242424242424242&card[exp_month]=8&card[exp_year]=2025&card[cvc]=314
    headers:
      User-Agent:
      - Stripe/v1 RubyBindings/11.0.0
      Authorization:
      - "<HIDDEN-AUTHORIZATION-HEADER>"
      Content-Type:
      - application/x-www-form-urlencoded
      X-Stripe-Client-Telemetry:
      - '{"last_request_metrics":{"request_id":"req_BqXpV1twvQ9KsY","request_duration_ms":1041}}'
      Stripe-Version:
      - '2024-04-10'
      X-Stripe-Client-User-Agent:
      - "<HIDDEN-STRIPE-USER-AGENT>"
      Accept-Encoding:
      - gzip;q=1.0,deflate;q=0.6,identity;q=0.3
      Accept:
      - "*/*"
  response:
    status:
      code: 200
      message: OK
    headers:
      Server:
      - nginx
      Date:
      - Fri, 12 Apr 2024 02:11:40 GMT
      Content-Type:
      - application/json
      Content-Length:
      - '959'
      Connection:
      - keep-alive
      Access-Control-Allow-Credentials:
      - 'true'
      Access-Control-Allow-Methods:
      - GET,HEAD,PUT,PATCH,POST,DELETE
      Access-Control-Allow-Origin:
      - "*"
      Access-Control-Expose-Headers:
      - Request-Id, Stripe-Manage-Version, Stripe-Should-Retry, X-Stripe-External-Auth-Required,
        X-Stripe-Privileged-Session-Required
      Access-Control-Max-Age:
      - '300'
      Cache-Control:
      - no-cache, no-store
      Content-Security-Policy:
      - report-uri https://q.stripe.com/csp-report?p=v1%2Fpayment_methods; block-all-mixed-content;
        default-src 'none'; base-uri 'none'; form-action 'none'; frame-ancestors 'none';
        img-src 'self'; script-src 'self' 'report-sample'; style-src 'self'
      Cross-Origin-Opener-Policy-Report-Only:
      - same-origin; report-to="coop"
      Idempotency-Key:
      - 8d45dd9d-7179-4a08-8f28-1149c759138a
      Original-Request:
      - req_CnNZkbLGaTDhG4
      Report-To:
      - '{"group":"coop","max_age":8640,"endpoints":[{"url":"https://q.stripe.com/coop-report"}],"include_subdomains":true}'
      Reporting-Endpoints:
      - coop="https://q.stripe.com/coop-report"
      Request-Id:
      - req_CnNZkbLGaTDhG4
      Stripe-Should-Retry:
      - 'false'
      Stripe-Version:
      - '2024-04-10'
      Vary:
      - Origin
      X-Stripe-Routing-Context-Priority-Tier:
      - api-testmode
      Strict-Transport-Security:
      - max-age=63072000; includeSubDomains; preload
    body:
      encoding: UTF-8
      string: |-
        {
          "id": "pm_1P4ZaaKuuB1fWySnJGNn5iC4",
          "object": "payment_method",
          "billing_details": {
            "address": {
              "city": null,
              "country": null,
              "line1": null,
              "line2": null,
              "postal_code": null,
              "state": null
            },
            "email": null,
            "name": null,
            "phone": null
          },
          "card": {
            "brand": "visa",
            "checks": {
              "address_line1_check": null,
              "address_postal_code_check": null,
              "cvc_check": "unchecked"
            },
            "country": "US",
            "display_brand": "visa",
            "exp_month": 8,
            "exp_year": 2025,
            "fingerprint": "6E6tgVjx6U65iHFV",
            "funding": "credit",
            "generated_from": null,
            "last4": "4242",
            "networks": {
              "available": [
                "visa"
              ],
              "preferred": null
            },
            "three_d_secure_usage": {
              "supported": true
            },
            "wallet": null
          },
          "created": 1712887900,
          "customer": null,
          "livemode": false,
          "metadata": {},
          "type": "card"
        }
  recorded_at: Fri, 12 Apr 2024 02:11:40 GMT
- request:
    method: post
    uri: https://api.stripe.com/v1/customers
    body:
      encoding: UTF-8
      string: name=Apple+Customer&email=applecustomer%40example.com
    headers:
      User-Agent:
      - Stripe/v1 RubyBindings/11.0.0
      Authorization:
      - "<HIDDEN-AUTHORIZATION-HEADER>"
      Content-Type:
      - application/x-www-form-urlencoded
      X-Stripe-Client-Telemetry:
      - '{"last_request_metrics":{"request_id":"req_CnNZkbLGaTDhG4","request_duration_ms":472}}'
      Stripe-Version:
      - '2024-04-10'
      X-Stripe-Client-User-Agent:
      - "<HIDDEN-STRIPE-USER-AGENT>"
      Accept-Encoding:
      - gzip;q=1.0,deflate;q=0.6,identity;q=0.3
      Accept:
      - "*/*"
  response:
    status:
      code: 200
      message: OK
    headers:
      Server:
      - nginx
      Date:
      - Fri, 12 Apr 2024 02:11:41 GMT
      Content-Type:
      - application/json
      Content-Length:
      - '649'
      Connection:
      - keep-alive
      Access-Control-Allow-Credentials:
      - 'true'
      Access-Control-Allow-Methods:
      - GET,HEAD,PUT,PATCH,POST,DELETE
      Access-Control-Allow-Origin:
      - "*"
      Access-Control-Expose-Headers:
      - Request-Id, Stripe-Manage-Version, Stripe-Should-Retry, X-Stripe-External-Auth-Required,
        X-Stripe-Privileged-Session-Required
      Access-Control-Max-Age:
      - '300'
      Cache-Control:
      - no-cache, no-store
      Content-Security-Policy:
      - report-uri https://q.stripe.com/csp-report?p=v1%2Fcustomers; block-all-mixed-content;
        default-src 'none'; base-uri 'none'; form-action 'none'; frame-ancestors 'none';
        img-src 'self'; script-src 'self' 'report-sample'; style-src 'self'
      Cross-Origin-Opener-Policy-Report-Only:
      - same-origin; report-to="coop"
      Idempotency-Key:
      - 45754cad-f270-4fb3-9252-fdfe99391db0
      Original-Request:
      - req_MPnuKRK8O5rroR
      Report-To:
      - '{"group":"coop","max_age":8640,"endpoints":[{"url":"https://q.stripe.com/coop-report"}],"include_subdomains":true}'
      Reporting-Endpoints:
      - coop="https://q.stripe.com/coop-report"
      Request-Id:
      - req_MPnuKRK8O5rroR
      Stripe-Should-Retry:
      - 'false'
      Stripe-Version:
      - '2024-04-10'
      Vary:
      - Origin
      X-Stripe-Routing-Context-Priority-Tier:
      - api-testmode
      Strict-Transport-Security:
      - max-age=63072000; includeSubDomains; preload
    body:
      encoding: UTF-8
      string: |-
        {
          "id": "cus_PuONXxSxnOCthr",
          "object": "customer",
          "address": null,
          "balance": 0,
          "created": 1712887900,
          "currency": null,
          "default_source": null,
          "delinquent": false,
          "description": null,
          "discount": null,
          "email": "applecustomer@example.com",
          "invoice_prefix": "9CE41E61",
          "invoice_settings": {
            "custom_fields": null,
            "default_payment_method": null,
            "footer": null,
            "rendering_options": null
          },
          "livemode": false,
          "metadata": {},
          "name": "Apple Customer",
          "next_invoice_sequence": 1,
          "phone": null,
          "preferred_locales": [],
          "shipping": null,
          "tax_exempt": "none",
          "test_clock": null
        }
  recorded_at: Fri, 12 Apr 2024 02:11:41 GMT
- request:
    method: post
    uri: https://api.stripe.com/v1/payment_methods/pm_1P4ZaaKuuB1fWySnJGNn5iC4/attach
    body:
      encoding: UTF-8
      string: customer=cus_PuONXxSxnOCthr
    headers:
      User-Agent:
      - Stripe/v1 RubyBindings/11.0.0
      Authorization:
      - "<HIDDEN-AUTHORIZATION-HEADER>"
      Content-Type:
      - application/x-www-form-urlencoded
      X-Stripe-Client-Telemetry:
      - '{"last_request_metrics":{"request_id":"req_MPnuKRK8O5rroR","request_duration_ms":450}}'
      Stripe-Version:
      - '2024-04-10'
      X-Stripe-Client-User-Agent:
      - "<HIDDEN-STRIPE-USER-AGENT>"
      Accept-Encoding:
      - gzip;q=1.0,deflate;q=0.6,identity;q=0.3
      Accept:
      - "*/*"
  response:
    status:
      code: 200
      message: OK
    headers:
      Server:
      - nginx
      Date:
      - Fri, 12 Apr 2024 02:11:41 GMT
      Content-Type:
      - application/json
      Content-Length:
      - '970'
      Connection:
      - keep-alive
      Access-Control-Allow-Credentials:
      - 'true'
      Access-Control-Allow-Methods:
      - GET,HEAD,PUT,PATCH,POST,DELETE
      Access-Control-Allow-Origin:
      - "*"
      Access-Control-Expose-Headers:
      - Request-Id, Stripe-Manage-Version, Stripe-Should-Retry, X-Stripe-External-Auth-Required,
        X-Stripe-Privileged-Session-Required
      Access-Control-Max-Age:
      - '300'
      Cache-Control:
      - no-cache, no-store
      Content-Security-Policy:
      - report-uri https://q.stripe.com/csp-report?p=v1%2Fpayment_methods%2F%3Apayment_method%2Fattach;
        block-all-mixed-content; default-src 'none'; base-uri 'none'; form-action
        'none'; frame-ancestors 'none'; img-src 'self'; script-src 'self' 'report-sample';
        style-src 'self'
      Cross-Origin-Opener-Policy-Report-Only:
      - same-origin; report-to="coop"
      Idempotency-Key:
      - c5d73821-d4cc-49bf-b1b2-9df613c97fe7
      Original-Request:
      - req_0lNoqGNn2LV0Th
      Report-To:
      - '{"group":"coop","max_age":8640,"endpoints":[{"url":"https://q.stripe.com/coop-report"}],"include_subdomains":true}'
      Reporting-Endpoints:
      - coop="https://q.stripe.com/coop-report"
      Request-Id:
      - req_0lNoqGNn2LV0Th
      Stripe-Should-Retry:
      - 'false'
      Stripe-Version:
      - '2024-04-10'
      Vary:
      - Origin
      X-Stripe-Routing-Context-Priority-Tier:
      - api-testmode
      Strict-Transport-Security:
      - max-age=63072000; includeSubDomains; preload
    body:
      encoding: UTF-8
      string: |-
        {
          "id": "pm_1P4ZaaKuuB1fWySnJGNn5iC4",
          "object": "payment_method",
          "billing_details": {
            "address": {
              "city": null,
              "country": null,
              "line1": null,
              "line2": null,
              "postal_code": null,
              "state": null
            },
            "email": null,
            "name": null,
            "phone": null
          },
          "card": {
            "brand": "visa",
            "checks": {
              "address_line1_check": null,
              "address_postal_code_check": null,
              "cvc_check": "pass"
            },
            "country": "US",
            "display_brand": "visa",
            "exp_month": 8,
            "exp_year": 2025,
            "fingerprint": "6E6tgVjx6U65iHFV",
            "funding": "credit",
            "generated_from": null,
            "last4": "4242",
            "networks": {
              "available": [
                "visa"
              ],
              "preferred": null
            },
            "three_d_secure_usage": {
              "supported": true
            },
            "wallet": null
          },
          "created": 1712887900,
          "customer": "cus_PuONXxSxnOCthr",
          "livemode": false,
          "metadata": {},
          "type": "card"
        }
  recorded_at: Fri, 12 Apr 2024 02:11:41 GMT
- request:
    method: post
    uri: https://api.stripe.com/v1/accounts
    body:
      encoding: UTF-8
      string: type=standard&country=AU&email=apple.producer%40example.com
    headers:
      User-Agent:
      - Stripe/v1 RubyBindings/11.0.0
      Authorization:
      - "<HIDDEN-AUTHORIZATION-HEADER>"
      Content-Type:
      - application/x-www-form-urlencoded
      X-Stripe-Client-Telemetry:
      - '{"last_request_metrics":{"request_id":"req_0lNoqGNn2LV0Th","request_duration_ms":674}}'
      Stripe-Version:
      - '2024-04-10'
      X-Stripe-Client-User-Agent:
      - "<HIDDEN-STRIPE-USER-AGENT>"
      Accept-Encoding:
      - gzip;q=1.0,deflate;q=0.6,identity;q=0.3
      Accept:
      - "*/*"
  response:
    status:
      code: 200
      message: OK
    headers:
      Server:
      - nginx
      Date:
      - Fri, 12 Apr 2024 02:11:43 GMT
      Content-Type:
      - application/json
      Content-Length:
      - '3045'
      Connection:
      - keep-alive
      Access-Control-Allow-Credentials:
      - 'true'
      Access-Control-Allow-Methods:
      - GET,HEAD,PUT,PATCH,POST,DELETE
      Access-Control-Allow-Origin:
      - "*"
      Access-Control-Expose-Headers:
      - Request-Id, Stripe-Manage-Version, Stripe-Should-Retry, X-Stripe-External-Auth-Required,
        X-Stripe-Privileged-Session-Required
      Access-Control-Max-Age:
      - '300'
      Cache-Control:
      - no-cache, no-store
      Content-Security-Policy:
      - report-uri https://q.stripe.com/csp-report?p=v1%2Faccounts; block-all-mixed-content;
        default-src 'none'; base-uri 'none'; form-action 'none'; frame-ancestors 'none';
        img-src 'self'; script-src 'self' 'report-sample'; style-src 'self'
      Cross-Origin-Opener-Policy-Report-Only:
      - same-origin; report-to="coop"
      Idempotency-Key:
      - 539ceab6-e416-4263-9c26-c0b76a6f2c44
      Original-Request:
      - req_Iz8ARyVGfAFquF
      Report-To:
      - '{"group":"coop","max_age":8640,"endpoints":[{"url":"https://q.stripe.com/coop-report"}],"include_subdomains":true}'
      Reporting-Endpoints:
      - coop="https://q.stripe.com/coop-report"
      Request-Id:
      - req_Iz8ARyVGfAFquF
      Stripe-Should-Retry:
      - 'false'
      Stripe-Version:
      - '2024-04-10'
      Vary:
      - Origin
      X-Stripe-Routing-Context-Priority-Tier:
      - api-testmode
      Strict-Transport-Security:
      - max-age=63072000; includeSubDomains; preload
    body:
      encoding: UTF-8
      string: |-
        {
          "id": "acct_1P4Zab3sJNn5MPbA",
          "object": "account",
          "business_profile": {
            "annual_revenue": null,
            "estimated_worker_count": null,
            "mcc": null,
            "name": null,
            "product_description": null,
            "support_address": null,
            "support_email": null,
            "support_phone": null,
            "support_url": null,
            "url": null
          },
          "business_type": null,
          "capabilities": {},
          "charges_enabled": false,
          "controller": {
            "is_controller": true,
            "type": "application"
          },
          "country": "AU",
          "created": 1712887902,
          "default_currency": "aud",
          "details_submitted": false,
          "email": "apple.producer@example.com",
          "external_accounts": {
            "object": "list",
            "data": [],
            "has_more": false,
            "total_count": 0,
            "url": "/v1/accounts/acct_1P4Zab3sJNn5MPbA/external_accounts"
          },
          "future_requirements": {
            "alternatives": [],
            "current_deadline": null,
            "currently_due": [],
            "disabled_reason": null,
            "errors": [],
            "eventually_due": [],
            "past_due": [],
            "pending_verification": []
          },
          "metadata": {},
          "payouts_enabled": false,
          "requirements": {
            "alternatives": [],
            "current_deadline": null,
            "currently_due": [
              "business_profile.product_description",
              "business_profile.support_phone",
              "business_profile.url",
              "external_account",
              "tos_acceptance.date",
              "tos_acceptance.ip"
            ],
            "disabled_reason": "requirements.past_due",
            "errors": [],
            "eventually_due": [
              "business_profile.product_description",
              "business_profile.support_phone",
              "business_profile.url",
              "external_account",
              "tos_acceptance.date",
              "tos_acceptance.ip"
            ],
            "past_due": [
              "external_account",
              "tos_acceptance.date",
              "tos_acceptance.ip"
            ],
            "pending_verification": []
          },
          "settings": {
            "bacs_debit_payments": {
              "display_name": null,
              "service_user_number": null
            },
            "branding": {
              "icon": null,
              "logo": null,
              "primary_color": null,
              "secondary_color": null
            },
            "card_issuing": {
              "tos_acceptance": {
                "date": null,
                "ip": null
              }
            },
            "card_payments": {
              "decline_on": {
                "avs_failure": false,
                "cvc_failure": false
              },
              "statement_descriptor_prefix": null,
              "statement_descriptor_prefix_kana": null,
              "statement_descriptor_prefix_kanji": null
            },
            "dashboard": {
              "display_name": null,
              "timezone": "Etc/UTC"
            },
            "invoices": {
              "default_account_tax_ids": null
            },
            "payments": {
              "statement_descriptor": null,
              "statement_descriptor_kana": null,
              "statement_descriptor_kanji": null
            },
            "payouts": {
              "debit_negative_balances": true,
              "schedule": {
                "delay_days": 2,
                "interval": "daily"
              },
              "statement_descriptor": null
            },
            "sepa_debit_payments": {}
          },
          "tos_acceptance": {
            "date": null,
            "ip": null,
            "user_agent": null
          },
          "type": "standard"
        }
  recorded_at: Fri, 12 Apr 2024 02:11:43 GMT
- request:
    method: delete
    uri: https://api.stripe.com/v1/accounts/acct_1P4Zab3sJNn5MPbA
    body:
      encoding: US-ASCII
      string: ''
    headers:
      User-Agent:
      - Stripe/v1 RubyBindings/11.0.0
      Authorization:
      - "<HIDDEN-AUTHORIZATION-HEADER>"
      Content-Type:
      - application/x-www-form-urlencoded
      X-Stripe-Client-Telemetry:
      - '{"last_request_metrics":{"request_id":"req_Iz8ARyVGfAFquF","request_duration_ms":1957}}'
      Stripe-Version:
      - '2024-04-10'
      X-Stripe-Client-User-Agent:
      - "<HIDDEN-STRIPE-USER-AGENT>"
      Accept-Encoding:
      - gzip;q=1.0,deflate;q=0.6,identity;q=0.3
      Accept:
      - "*/*"
  response:
    status:
      code: 200
      message: OK
    headers:
      Server:
      - nginx
      Date:
      - Fri, 12 Apr 2024 02:11:44 GMT
      Content-Type:
      - application/json
      Content-Length:
      - '77'
      Connection:
      - keep-alive
      Access-Control-Allow-Credentials:
      - 'true'
      Access-Control-Allow-Methods:
      - GET,HEAD,PUT,PATCH,POST,DELETE
      Access-Control-Allow-Origin:
      - "*"
      Access-Control-Expose-Headers:
      - Request-Id, Stripe-Manage-Version, Stripe-Should-Retry, X-Stripe-External-Auth-Required,
        X-Stripe-Privileged-Session-Required
      Access-Control-Max-Age:
      - '300'
      Cache-Control:
      - no-cache, no-store
      Content-Security-Policy:
      - report-uri https://q.stripe.com/csp-report?p=v1%2Faccounts%2F%3Aaccount; block-all-mixed-content;
        default-src 'none'; base-uri 'none'; form-action 'none'; frame-ancestors 'none';
        img-src 'self'; script-src 'self' 'report-sample'; style-src 'self'
      Cross-Origin-Opener-Policy-Report-Only:
      - same-origin; report-to="coop"
      Report-To:
      - '{"group":"coop","max_age":8640,"endpoints":[{"url":"https://q.stripe.com/coop-report"}],"include_subdomains":true}'
      Reporting-Endpoints:
      - coop="https://q.stripe.com/coop-report"
      Request-Id:
      - req_2MOj7f2NrGI8Zz
      Stripe-Account:
      - acct_1P4Zab3sJNn5MPbA
      Stripe-Version:
      - '2024-04-10'
      Vary:
      - Origin
      X-Stripe-Routing-Context-Priority-Tier:
      - api-testmode
      Strict-Transport-Security:
      - max-age=63072000; includeSubDomains; preload
    body:
      encoding: UTF-8
      string: |-
        {
          "id": "acct_1P4Zab3sJNn5MPbA",
          "object": "account",
          "deleted": true
        }
  recorded_at: Fri, 12 Apr 2024 02:11:44 GMT
recorded_with: VCR 6.2.0
